{
  "version": "1.5.0",
  "plugins_used": [
    {
      "name": "ArtifactoryDetector"
    },
    {
      "name": "AWSKeyDetector"
    },
    {
      "name": "AzureStorageKeyDetector"
    },
    {
      "name": "Base64HighEntropyString",
      "limit": 4.5
    },
    {
      "name": "BasicAuthDetector"
    },
    {
      "name": "CloudantDetector"
    },
    {
      "name": "DiscordBotTokenDetector"
    },
    {
      "name": "GitHubTokenDetector"
    },
    {
      "name": "GitLabTokenDetector"
    },
    {
      "name": "HexHighEntropyString",
      "limit": 3.0
    },
    {
      "name": "IbmCloudIamDetector"
    },
    {
      "name": "IbmCosHmacDetector"
    },
    {
      "name": "IPPublicDetector"
    },
    {
      "name": "JwtTokenDetector"
    },
    {
      "name": "KeywordDetector",
      "keyword_exclude": ""
    },
    {
      "name": "MailchimpDetector"
    },
    {
      "name": "NpmDetector"
    },
    {
      "name": "OpenAIDetector"
    },
    {
      "name": "PrivateKeyDetector"
    },
    {
      "name": "PypiTokenDetector"
    },
    {
      "name": "SendGridDetector"
    },
    {
      "name": "SlackDetector"
    },
    {
      "name": "SoftlayerDetector"
    },
    {
      "name": "SquareOAuthDetector"
    },
    {
      "name": "StripeDetector"
    },
    {
      "name": "TelegramBotTokenDetector"
    },
    {
      "name": "TwilioKeyDetector"
    }
  ],
  "filters_used": [
    {
      "path": "detect_secrets.filters.allowlist.is_line_allowlisted"
    },
    {
      "path": "detect_secrets.filters.common.is_baseline_file",
      "filename": ".secrets.baseline"
    },
    {
      "path": "detect_secrets.filters.common.is_ignored_due_to_verification_policies",
      "min_level": 2
    },
    {
      "path": "detect_secrets.filters.heuristic.is_indirect_reference"
    },
    {
      "path": "detect_secrets.filters.heuristic.is_likely_id_string"
    },
    {
      "path": "detect_secrets.filters.heuristic.is_lock_file"
    },
    {
      "path": "detect_secrets.filters.heuristic.is_not_alphanumeric_string"
    },
    {
      "path": "detect_secrets.filters.heuristic.is_potential_uuid"
    },
    {
      "path": "detect_secrets.filters.heuristic.is_prefixed_with_dollar_sign"
    },
    {
      "path": "detect_secrets.filters.heuristic.is_sequential_string"
    },
    {
      "path": "detect_secrets.filters.heuristic.is_swagger_file"
    },
    {
      "path": "detect_secrets.filters.heuristic.is_templated_secret"
    },
    {
      "path": "detect_secrets.filters.regex.should_exclude_file",
      "pattern": [
        "package-lock\\.json$"
      ]
    }
  ],
  "results": {
    ".env.example": [
      {
        "type": "Basic Auth Credentials",
        "filename": ".env.example",
        "hashed_secret": "8842e0cb5a9c78f2ebed09bb22059f46a20cf690",
        "is_verified": false,
        "line_number": 82
      }
    ],
    ".github/scripts/ecs_rewrite_task_def.py": [
      {
        "type": "Secret Keyword",
        "filename": ".github/scripts/ecs_rewrite_task_def.py",
        "hashed_secret": "607326a998f467f05808952a96ae14a84c7fd873",
        "is_verified": false,
        "line_number": 165
      }
    ],
    ".github/scripts/migration_chain_guard.py": [
      {
        "type": "Hex High Entropy String",
        "filename": ".github/scripts/migration_chain_guard.py",
        "hashed_secret": "faa67d926ed23172efb542676b97cdb046740b6a",
        "is_verified": false,
        "line_number": 39
      }
    ],
    ".github/workflows/deploy.yml": [
      {
        "type": "Basic Auth Credentials",
        "filename": ".github/workflows/deploy.yml",
        "hashed_secret": "5a4fe08359c7f97380e408c717ef42c86939cd86",
        "is_verified": false,
        "line_number": 279
      },
      {
        "type": "Secret Keyword",
        "filename": ".github/workflows/deploy.yml",
        "hashed_secret": "d6b20e2b71650e2878826b134635fcaecf33eb14",
        "is_verified": false,
        "line_number": 279
      },
      {
        "type": "Secret Keyword",
        "filename": ".github/workflows/deploy.yml",
        "hashed_secret": "5ffe533b830f08a0326348a9160afafc8ada44db",
        "is_verified": false,
        "line_number": 397
      }
    ],
    "Makefile": [
      {
        "type": "Secret Keyword",
        "filename": "Makefile",
        "hashed_secret": "366bed46904b4b1f44742ada0e684f82f6e8b18b",
        "is_verified": false,
        "line_number": 66
      }
    ],
    "analytics-engine/artifacts/20260518T062814Z.json": [
      {
        "type": "Hex High Entropy String",
        "filename": "analytics-engine/artifacts/20260518T062814Z.json",
        "hashed_secret": "430f645a5a07b7c93460cfc1a4f2d937ea13a470",
        "is_verified": false,
        "line_number": 10
      },
      {
        "type": "Hex High Entropy String",
        "filename": "analytics-engine/artifacts/20260518T062814Z.json",
        "hashed_secret": "f07ff669d75fb3cdce57c770290659468aec69e8",
        "is_verified": false,
        "line_number": 18
      },
      {
        "type": "Hex High Entropy String",
        "filename": "analytics-engine/artifacts/20260518T062814Z.json",
        "hashed_secret": "757a7a6da75bad6446cb728f1b400fb8cc26bd9c",
        "is_verified": false,
        "line_number": 4381
      }
    ],
    "analytics-engine/artifacts/20260518T062844Z.json": [
      {
        "type": "Hex High Entropy String",
        "filename": "analytics-engine/artifacts/20260518T062844Z.json",
        "hashed_secret": "cb78011d5e8e0663eaa6d696ed616dd66e4d5582",
        "is_verified": false,
        "line_number": 10
      },
      {
        "type": "Hex High Entropy String",
        "filename": "analytics-engine/artifacts/20260518T062844Z.json",
        "hashed_secret": "f07ff669d75fb3cdce57c770290659468aec69e8",
        "is_verified": false,
        "line_number": 18
      },
      {
        "type": "Hex High Entropy String",
        "filename": "analytics-engine/artifacts/20260518T062844Z.json",
        "hashed_secret": "757a7a6da75bad6446cb728f1b400fb8cc26bd9c",
        "is_verified": false,
        "line_number": 4381
      }
    ],
    "analytics-engine/artifacts/20260518T223657Z.json": [
      {
        "type": "Hex High Entropy String",
        "filename": "analytics-engine/artifacts/20260518T223657Z.json",
        "hashed_secret": "950c03b82c500cd09c257d8452c16b74fa06bbe2",
        "is_verified": false,
        "line_number": 10
      },
      {
        "type": "Hex High Entropy String",
        "filename": "analytics-engine/artifacts/20260518T223657Z.json",
        "hashed_secret": "cb35cfd308b304e9767779089437d71d5bf1b6fd",
        "is_verified": false,
        "line_number": 20
      },
      {
        "type": "Hex High Entropy String",
        "filename": "analytics-engine/artifacts/20260518T223657Z.json",
        "hashed_secret": "757a7a6da75bad6446cb728f1b400fb8cc26bd9c",
        "is_verified": false,
        "line_number": 4383
      }
    ],
    "analytics-engine/artifacts/20260518T223709Z.json": [
      {
        "type": "Hex High Entropy String",
        "filename": "analytics-engine/artifacts/20260518T223709Z.json",
        "hashed_secret": "21ccaaf42c53d4768917c0c85bb70bda12a27a6b",
        "is_verified": false,
        "line_number": 10
      },
      {
        "type": "Hex High Entropy String",
        "filename": "analytics-engine/artifacts/20260518T223709Z.json",
        "hashed_secret": "eeeb2059e84a077ea6b4b7d78428fa7033bbfc54",
        "is_verified": false,
        "line_number": 22
      },
      {
        "type": "Hex High Entropy String",
        "filename": "analytics-engine/artifacts/20260518T223709Z.json",
        "hashed_secret": "757a7a6da75bad6446cb728f1b400fb8cc26bd9c",
        "is_verified": false,
        "line_number": 4385
      }
    ],
    "analytics-engine/artifacts/20260518T223743Z.json": [
      {
        "type": "Hex High Entropy String",
        "filename": "analytics-engine/artifacts/20260518T223743Z.json",
        "hashed_secret": "5eddf8190639a6ac3b2015d6d8bfbe2e6fde7cdf",
        "is_verified": false,
        "line_number": 10
      },
      {
        "type": "Hex High Entropy String",
        "filename": "analytics-engine/artifacts/20260518T223743Z.json",
        "hashed_secret": "5fc62dac7321d8037579125ba54c4242fd6cd055",
        "is_verified": false,
        "line_number": 21
      },
      {
        "type": "Hex High Entropy String",
        "filename": "analytics-engine/artifacts/20260518T223743Z.json",
        "hashed_secret": "757a7a6da75bad6446cb728f1b400fb8cc26bd9c",
        "is_verified": false,
        "line_number": 4384
      }
    ],
    "analytics-engine/artifacts/20260518T223759Z.json": [
      {
        "type": "Hex High Entropy String",
        "filename": "analytics-engine/artifacts/20260518T223759Z.json",
        "hashed_secret": "950c03b82c500cd09c257d8452c16b74fa06bbe2",
        "is_verified": false,
        "line_number": 10
      },
      {
        "type": "Hex High Entropy String",
        "filename": "analytics-engine/artifacts/20260518T223759Z.json",
        "hashed_secret": "cb35cfd308b304e9767779089437d71d5bf1b6fd",
        "is_verified": false,
        "line_number": 20
      },
      {
        "type": "Hex High Entropy String",
        "filename": "analytics-engine/artifacts/20260518T223759Z.json",
        "hashed_secret": "757a7a6da75bad6446cb728f1b400fb8cc26bd9c",
        "is_verified": false,
        "line_number": 4383
      }
    ],
    "analytics-engine/artifacts/20260518T223800Z.json": [
      {
        "type": "Hex High Entropy String",
        "filename": "analytics-engine/artifacts/20260518T223800Z.json",
        "hashed_secret": "be6e09da97ffddf705036be55617ea171568c0e5",
        "is_verified": false,
        "line_number": 10
      },
      {
        "type": "Hex High Entropy String",
        "filename": "analytics-engine/artifacts/20260518T223800Z.json",
        "hashed_secret": "f07ff669d75fb3cdce57c770290659468aec69e8",
        "is_verified": false,
        "line_number": 18
      },
      {
        "type": "Hex High Entropy String",
        "filename": "analytics-engine/artifacts/20260518T223800Z.json",
        "hashed_secret": "757a7a6da75bad6446cb728f1b400fb8cc26bd9c",
        "is_verified": false,
        "line_number": 4381
      }
    ],
    "auth/auth.js": [
      {
        "type": "Secret Keyword",
        "filename": "auth/auth.js",
        "hashed_secret": "8fdb5b7f3a0a7ed2247ef99a748c514b499bd84f",
        "is_verified": false,
        "line_number": 25
      }
    ],
    "auth/test/auth.test.js": [
      {
        "type": "Secret Keyword",
        "filename": "auth/test/auth.test.js",
        "hashed_secret": "dc2477326f7bd2eb738f081952e928f83e76226e",
        "is_verified": false,
        "line_number": 11
      },
      {
        "type": "Secret Keyword",
        "filename": "auth/test/auth.test.js",
        "hashed_secret": "abf7aad6438836dbe526aa231abde2d0eef74d42",
        "is_verified": false,
        "line_number": 28
      },
      {
        "type": "Secret Keyword",
        "filename": "auth/test/auth.test.js",
        "hashed_secret": "ac76baa2fc26ee51c161d710eef11a233ed88e34",
        "is_verified": false,
        "line_number": 74
      },
      {
        "type": "Secret Keyword",
        "filename": "auth/test/auth.test.js",
        "hashed_secret": "97784d4540d195b626f29730c9a4b5ae7508b556",
        "is_verified": false,
        "line_number": 76
      },
      {
        "type": "Secret Keyword",
        "filename": "auth/test/auth.test.js",
        "hashed_secret": "cc65a2b1edd7ec3f2b7ef7d2f224b17bedce9258",
        "is_verified": false,
        "line_number": 175
      },
      {
        "type": "Secret Keyword",
        "filename": "auth/test/auth.test.js",
        "hashed_secret": "24d795f0f2ad9ad380863b8baaa72dbed788063b",
        "is_verified": false,
        "line_number": 348
      },
      {
        "type": "Secret Keyword",
        "filename": "auth/test/auth.test.js",
        "hashed_secret": "30132490261b74ac72e4cfe11f7764f2f2a31aee",
        "is_verified": false,
        "line_number": 1240
      },
      {
        "type": "Secret Keyword",
        "filename": "auth/test/auth.test.js",
        "hashed_secret": "98df06a9778197190b114d8371906fb142802cbd",
        "is_verified": false,
        "line_number": 1245
      },
      {
        "type": "Secret Keyword",
        "filename": "auth/test/auth.test.js",
        "hashed_secret": "33d3cacc491bb8e99a9591422a5f8fbba92f3e24",
        "is_verified": false,
        "line_number": 1373
      }
    ],
    "auth/test/bounced-address.test.js": [
      {
        "type": "Secret Keyword",
        "filename": "auth/test/bounced-address.test.js",
        "hashed_secret": "dc2477326f7bd2eb738f081952e928f83e76226e",
        "is_verified": false,
        "line_number": 40
      },
      {
        "type": "Secret Keyword",
        "filename": "auth/test/bounced-address.test.js",
        "hashed_secret": "abf7aad6438836dbe526aa231abde2d0eef74d42",
        "is_verified": false,
        "line_number": 45
      }
    ],
    "auth/test/email-flows.test.js": [
      {
        "type": "Secret Keyword",
        "filename": "auth/test/email-flows.test.js",
        "hashed_secret": "dc2477326f7bd2eb738f081952e928f83e76226e",
        "is_verified": false,
        "line_number": 28
      },
      {
        "type": "Secret Keyword",
        "filename": "auth/test/email-flows.test.js",
        "hashed_secret": "abf7aad6438836dbe526aa231abde2d0eef74d42",
        "is_verified": false,
        "line_number": 37
      },
      {
        "type": "Secret Keyword",
        "filename": "auth/test/email-flows.test.js",
        "hashed_secret": "de455362e749a794f115cbffdebb574227a07c31",
        "is_verified": false,
        "line_number": 164
      },
      {
        "type": "Secret Keyword",
        "filename": "auth/test/email-flows.test.js",
        "hashed_secret": "4e639b878702084b86f622a1d886705fac8901de",
        "is_verified": false,
        "line_number": 186
      },
      {
        "type": "Secret Keyword",
        "filename": "auth/test/email-flows.test.js",
        "hashed_secret": "89cc009c899cfac4e652bcdaa4ee7fe172adf406",
        "is_verified": false,
        "line_number": 192
      },
      {
        "type": "Secret Keyword",
        "filename": "auth/test/email-flows.test.js",
        "hashed_secret": "ff4b04117a2f171dd5f6564d02b616a31068c155",
        "is_verified": false,
        "line_number": 252
      }
    ],
    "backend/archimedes/api/account_auth.py": [
      {
        "type": "Secret Keyword",
        "filename": "backend/archimedes/api/account_auth.py",
        "hashed_secret": "665b1e3851eefefa3fb878654292f16597d25155",
        "is_verified": false,
        "line_number": 45
      }
    ],
    "backend/archimedes/chain/README.md": [
      {
        "type": "Secret Keyword",
        "filename": "backend/archimedes/chain/README.md",
        "hashed_secret": "3e14ae2a6b8296c7a83d6d07701156aea8762b5c",
        "is_verified": false,
        "line_number": 140
      }
    ],
    "backend/archimedes/scripts/alembic_migrate_preflight.py": [
      {
        "type": "Hex High Entropy String",
        "filename": "backend/archimedes/scripts/alembic_migrate_preflight.py",
        "hashed_secret": "faa67d926ed23172efb542676b97cdb046740b6a",
        "is_verified": false,
        "line_number": 64
      }
    ],
    "backend/archimedes/services/price_source.py": [
      {
        "type": "Hex High Entropy String",
        "filename": "backend/archimedes/services/price_source.py",
        "hashed_secret": "d9b161c9a18f5326ac306acbe9843f1b9c403de1",
        "is_verified": false,
        "line_number": 46
      },
      {
        "type": "Hex High Entropy String",
        "filename": "backend/archimedes/services/price_source.py",
        "hashed_secret": "cf9846fdea4e8b24627a02c9fd49b7fc2454f1b4",
        "is_verified": false,
        "line_number": 47
      },
      {
        "type": "Hex High Entropy String",
        "filename": "backend/archimedes/services/price_source.py",
        "hashed_secret": "d1d7f5d521a4dee71d27269b25d096d5d1f8922d",
        "is_verified": false,
        "line_number": 48
      },
      {
        "type": "Hex High Entropy String",
        "filename": "backend/archimedes/services/price_source.py",
        "hashed_secret": "c62b32098af75c216595ee3b12f2baf4d3478238",
        "is_verified": false,
        "line_number": 49
      },
      {
        "type": "Hex High Entropy String",
        "filename": "backend/archimedes/services/price_source.py",
        "hashed_secret": "3f28b985909b173aca0dd132933948c3dca5d688",
        "is_verified": false,
        "line_number": 50
      }
    ],
    "backend/migrations/versions/07e9c1489199_identity_ledger.py": [
      {
        "type": "Hex High Entropy String",
        "filename": "backend/migrations/versions/07e9c1489199_identity_ledger.py",
        "hashed_secret": "faa67d926ed23172efb542676b97cdb046740b6a",
        "is_verified": false,
        "line_number": 59
      }
    ],
    "backend/migrations/versions/1752121b8d7c_add_payment_receipts.py": [
      {
        "type": "Hex High Entropy String",
        "filename": "backend/migrations/versions/1752121b8d7c_add_payment_receipts.py",
        "hashed_secret": "c11f596778ee56150d1de51042c19369661f61d4",
        "is_verified": false,
        "line_number": 41
      }
    ],
    "backend/migrations/versions/363d1c6ff0c0_add_backtest_results_provenance.py": [
      {
        "type": "Hex High Entropy String",
        "filename": "backend/migrations/versions/363d1c6ff0c0_add_backtest_results_provenance.py",
        "hashed_secret": "6d12bf60bbdb0bc13040db68a8d5c86828bf01d0",
        "is_verified": false,
        "line_number": 82
      }
    ],
    "backend/migrations/versions/3f643d292e04_add_strategy_spec_to_strategy_store.py": [
      {
        "type": "Hex High Entropy String",
        "filename": "backend/migrations/versions/3f643d292e04_add_strategy_spec_to_strategy_store.py",
        "hashed_secret": "6d12bf60bbdb0bc13040db68a8d5c86828bf01d0",
        "is_verified": false,
        "line_number": 39
      },
      {
        "type": "Hex High Entropy String",
        "filename": "backend/migrations/versions/3f643d292e04_add_strategy_spec_to_strategy_store.py",
        "hashed_secret": "e33b52514dbe9debc1978edbba7d581bfd3f7285",
        "is_verified": false,
        "line_number": 40
      }
    ],
    "backend/migrations/versions/4c320621f047_request_count_snapshot.py": [
      {
        "type": "Hex High Entropy String",
        "filename": "backend/migrations/versions/4c320621f047_request_count_snapshot.py",
        "hashed_secret": "b21bc27653dfe5783bf300e42070ce78e57dcc3d",
        "is_verified": false,
        "line_number": 30
      }
    ],
    "backend/migrations/versions/5728d9ef1901_add_debate_transcripts.py": [
      {
        "type": "Hex High Entropy String",
        "filename": "backend/migrations/versions/5728d9ef1901_add_debate_transcripts.py",
        "hashed_secret": "9f9147f99ec349f0ceb62a7e1856741b1a83d8d3",
        "is_verified": false,
        "line_number": 56
      },
      {
        "type": "Hex High Entropy String",
        "filename": "backend/migrations/versions/5728d9ef1901_add_debate_transcripts.py",
        "hashed_secret": "ecb60841591e711c949c022f0927a9c6b10ec470",
        "is_verified": false,
        "line_number": 57
      }
    ],
    "backend/migrations/versions/5cb798feef58_add_brief_intent_to_strategy_store.py": [
      {
        "type": "Hex High Entropy String",
        "filename": "backend/migrations/versions/5cb798feef58_add_brief_intent_to_strategy_store.py",
        "hashed_secret": "9f9147f99ec349f0ceb62a7e1856741b1a83d8d3",
        "is_verified": false,
        "line_number": 74
      }
    ],
    "backend/migrations/versions/7b6e8d812331_add_owner_wallet_to_strategy_proposals.py": [
      {
        "type": "Hex High Entropy String",
        "filename": "backend/migrations/versions/7b6e8d812331_add_owner_wallet_to_strategy_proposals.py",
        "hashed_secret": "e33b52514dbe9debc1978edbba7d581bfd3f7285",
        "is_verified": false,
        "line_number": 33
      },
      {
        "type": "Hex High Entropy String",
        "filename": "backend/migrations/versions/7b6e8d812331_add_owner_wallet_to_strategy_proposals.py",
        "hashed_secret": "b21bc27653dfe5783bf300e42070ce78e57dcc3d",
        "is_verified": false,
        "line_number": 34
      }
    ],
    "backend/migrations/versions/85ca5310b7a1_account_deletion_cascade_policy.py": [
      {
        "type": "Hex High Entropy String",
        "filename": "backend/migrations/versions/85ca5310b7a1_account_deletion_cascade_policy.py",
        "hashed_secret": "11bc2e5055c74a4827917c36e190c27cf2050ec8",
        "is_verified": false,
        "line_number": 137
      },
      {
        "type": "Hex High Entropy String",
        "filename": "backend/migrations/versions/85ca5310b7a1_account_deletion_cascade_policy.py",
        "hashed_secret": "d4e3a69912d3f39164b313898ae7f2a4627c0462",
        "is_verified": false,
        "line_number": 138
      }
    ],
    "backend/migrations/versions/9ad1c4e2b7f0_add_better_auth_and_linked_wallets.py": [
      {
        "type": "Hex High Entropy String",
        "filename": "backend/migrations/versions/9ad1c4e2b7f0_add_better_auth_and_linked_wallets.py",
        "hashed_secret": "0a2a2b6c4ec57aef0fa0819c4ee5fce8d89aaf3f",
        "is_verified": false,
        "line_number": 34
      },
      {
        "type": "Hex High Entropy String",
        "filename": "backend/migrations/versions/9ad1c4e2b7f0_add_better_auth_and_linked_wallets.py",
        "hashed_secret": "b5a5e49ac3c3856c1b5299db1634c64467a2434d",
        "is_verified": false,
        "line_number": 35
      }
    ],
    "backend/migrations/versions/9c2e7b5a1f4d_schema_relations_phase1_validate.py": [
      {
        "type": "Hex High Entropy String",
        "filename": "backend/migrations/versions/9c2e7b5a1f4d_schema_relations_phase1_validate.py",
        "hashed_secret": "d4e3a69912d3f39164b313898ae7f2a4627c0462",
        "is_verified": false,
        "line_number": 79
      },
      {
        "type": "Hex High Entropy String",
        "filename": "backend/migrations/versions/9c2e7b5a1f4d_schema_relations_phase1_validate.py",
        "hashed_secret": "dc16b4c687b0c4801ed0994f2eedba1d48804103",
        "is_verified": false,
        "line_number": 80
      }
    ],
    "backend/migrations/versions/a3f19c7d2e84_add_generation_credits.py": [
      {
        "type": "Hex High Entropy String",
        "filename": "backend/migrations/versions/a3f19c7d2e84_add_generation_credits.py",
        "hashed_secret": "ecb60841591e711c949c022f0927a9c6b10ec470",
        "is_verified": false,
        "line_number": 48
      }
    ],
    "backend/migrations/versions/a4d7e1b93c2f_passport_display_metrics_source.py": [
      {
        "type": "Hex High Entropy String",
        "filename": "backend/migrations/versions/a4d7e1b93c2f_passport_display_metrics_source.py",
        "hashed_secret": "988f1b41e70b80ad0fb5ee45fe27a45cace2a38a",
        "is_verified": false,
        "line_number": 59
      },
      {
        "type": "Hex High Entropy String",
        "filename": "backend/migrations/versions/a4d7e1b93c2f_passport_display_metrics_source.py",
        "hashed_secret": "e522b27aecee2cbf2c0e639117c447f40a5340d0",
        "is_verified": false,
        "line_number": 60
      }
    ],
    "backend/migrations/versions/a7f2c93b1d64_paper_grading_engine_version.py": [
      {
        "type": "Hex High Entropy String",
        "filename": "backend/migrations/versions/a7f2c93b1d64_paper_grading_engine_version.py",
        "hashed_secret": "ee65ed8c9a63a15f160f1bd8764853b1e4fcd52f",
        "is_verified": false,
        "line_number": 53
      },
      {
        "type": "Hex High Entropy String",
        "filename": "backend/migrations/versions/a7f2c93b1d64_paper_grading_engine_version.py",
        "hashed_secret": "0cd1fd46047da4aa360734025b5eb6731b4d9a6b",
        "is_verified": false,
        "line_number": 54
      }
    ],
    "backend/migrations/versions/af9c6a9376e4_baseline_schema.py": [
      {
        "type": "Hex High Entropy String",
        "filename": "backend/migrations/versions/af9c6a9376e4_baseline_schema.py",
        "hashed_secret": "faa67d926ed23172efb542676b97cdb046740b6a",
        "is_verified": false,
        "line_number": 39
      }
    ],
    "backend/migrations/versions/b3f19d6c47ae_passport_rigor_verdict_of_record.py": [
      {
        "type": "Hex High Entropy String",
        "filename": "backend/migrations/versions/b3f19d6c47ae_passport_rigor_verdict_of_record.py",
        "hashed_secret": "96630250a9c945f377ebf49ad4e7a6f31b760bad",
        "is_verified": false,
        "line_number": 81
      },
      {
        "type": "Hex High Entropy String",
        "filename": "backend/migrations/versions/b3f19d6c47ae_passport_rigor_verdict_of_record.py",
        "hashed_secret": "51dee331eeee05a8904e1913c47d893f3cca2914",
        "is_verified": false,
        "line_number": 82
      }
    ],
    "backend/migrations/versions/b41c7d9e2a05_add_cost_and_lookahead_provenance.py": [
      {
        "type": "Hex High Entropy String",
        "filename": "backend/migrations/versions/b41c7d9e2a05_add_cost_and_lookahead_provenance.py",
        "hashed_secret": "b5a5e49ac3c3856c1b5299db1634c64467a2434d",
        "is_verified": false,
        "line_number": 69
      }
    ],
    "backend/migrations/versions/b7e3f1a2c9d4_add_canonical_user_owners.py": [
      {
        "type": "Hex High Entropy String",
        "filename": "backend/migrations/versions/b7e3f1a2c9d4_add_canonical_user_owners.py",
        "hashed_secret": "571a1e7100176cb1326ee91ead889de617334bfb",
        "is_verified": false,
        "line_number": 18
      },
      {
        "type": "Hex High Entropy String",
        "filename": "backend/migrations/versions/b7e3f1a2c9d4_add_canonical_user_owners.py",
        "hashed_secret": "0a2a2b6c4ec57aef0fa0819c4ee5fce8d89aaf3f",
        "is_verified": false,
        "line_number": 19
      }
    ],
    "backend/migrations/versions/c1d7f4a9b3e2_papers_trigram_search_indexes.py": [
      {
        "type": "Hex High Entropy String",
        "filename": "backend/migrations/versions/c1d7f4a9b3e2_papers_trigram_search_indexes.py",
        "hashed_secret": "a42849fcf4a86626903a7f62c26162820caad1b0",
        "is_verified": false,
        "line_number": 64
      },
      {
        "type": "Hex High Entropy String",
        "filename": "backend/migrations/versions/c1d7f4a9b3e2_papers_trigram_search_indexes.py",
        "hashed_secret": "719a8071bdeb21091c9ed2d529dd8d27afda470e",
        "is_verified": false,
        "line_number": 65
      }
    ],
    "backend/migrations/versions/c1d8e6f30a72_add_api_keys.py": [
      {
        "type": "Hex High Entropy String",
        "filename": "backend/migrations/versions/c1d8e6f30a72_add_api_keys.py",
        "hashed_secret": "996fdc76f16ae4c6b4ab6c3aab295d49d52acc68",
        "is_verified": false,
        "line_number": 49
      },
      {
        "type": "Hex High Entropy String",
        "filename": "backend/migrations/versions/c1d8e6f30a72_add_api_keys.py",
        "hashed_secret": "ee65ed8c9a63a15f160f1bd8764853b1e4fcd52f",
        "is_verified": false,
        "line_number": 50
      }
    ],
    "backend/migrations/versions/c4e17b93a2d8_add_free_generation_grants.py": [
      {
        "type": "Hex High Entropy String",
        "filename": "backend/migrations/versions/c4e17b93a2d8_add_free_generation_grants.py",
        "hashed_secret": "719a8071bdeb21091c9ed2d529dd8d27afda470e",
        "is_verified": false,
        "line_number": 46
      },
      {
        "type": "Hex High Entropy String",
        "filename": "backend/migrations/versions/c4e17b93a2d8_add_free_generation_grants.py",
        "hashed_secret": "996fdc76f16ae4c6b4ab6c3aab295d49d52acc68",
        "is_verified": false,
        "line_number": 47
      }
    ],
    "backend/migrations/versions/c5e81a4f7b32_paper_agent_trades.py": [
      {
        "type": "Hex High Entropy String",
        "filename": "backend/migrations/versions/c5e81a4f7b32_paper_agent_trades.py",
        "hashed_secret": "51dee331eeee05a8904e1913c47d893f3cca2914",
        "is_verified": false,
        "line_number": 47
      },
      {
        "type": "Hex High Entropy String",
        "filename": "backend/migrations/versions/c5e81a4f7b32_paper_agent_trades.py",
        "hashed_secret": "a42849fcf4a86626903a7f62c26162820caad1b0",
        "is_verified": false,
        "line_number": 48
      }
    ],
    "backend/migrations/versions/c8a4d1f70b93_assoc_v1_passport_projection_columns.py": [
      {
        "type": "Hex High Entropy String",
        "filename": "backend/migrations/versions/c8a4d1f70b93_assoc_v1_passport_projection_columns.py",
        "hashed_secret": "ac6515448be0880d30fdd2fdbb20c25b97c305f7",
        "is_verified": false,
        "line_number": 86
      },
      {
        "type": "Hex High Entropy String",
        "filename": "backend/migrations/versions/c8a4d1f70b93_assoc_v1_passport_projection_columns.py",
        "hashed_secret": "988f1b41e70b80ad0fb5ee45fe27a45cace2a38a",
        "is_verified": false,
        "line_number": 87
      }
    ],
    "backend/migrations/versions/c9396e0d95d4_add_asset_daily_bars_vendor_cache_table.py": [
      {
        "type": "Hex High Entropy String",
        "filename": "backend/migrations/versions/c9396e0d95d4_add_asset_daily_bars_vendor_cache_table.py",
        "hashed_secret": "26cc9e9e85578499521c211a664c80ec9efc5910",
        "is_verified": false,
        "line_number": 30
      },
      {
        "type": "Hex High Entropy String",
        "filename": "backend/migrations/versions/c9396e0d95d4_add_asset_daily_bars_vendor_cache_table.py",
        "hashed_secret": "58237c48e5190ff15f71ed7634b280fa01168ea4",
        "is_verified": false,
        "line_number": 31
      }
    ],
    "backend/migrations/versions/c9f2e8d4a1b7_add_paper_trading_tables.py": [
      {
        "type": "Hex High Entropy String",
        "filename": "backend/migrations/versions/c9f2e8d4a1b7_add_paper_trading_tables.py",
        "hashed_secret": "58237c48e5190ff15f71ed7634b280fa01168ea4",
        "is_verified": false,
        "line_number": 27
      },
      {
        "type": "Hex High Entropy String",
        "filename": "backend/migrations/versions/c9f2e8d4a1b7_add_paper_trading_tables.py",
        "hashed_secret": "571a1e7100176cb1326ee91ead889de617334bfb",
        "is_verified": false,
        "line_number": 28
      }
    ],
    "backend/migrations/versions/d3a71f5c9e28_adopt_orphaned_legacy_rows.py": [
      {
        "type": "Hex High Entropy String",
        "filename": "backend/migrations/versions/d3a71f5c9e28_adopt_orphaned_legacy_rows.py",
        "hashed_secret": "60bfd7ac4999250bc613a6183f02947be5934744",
        "is_verified": false,
        "line_number": 161
      },
      {
        "type": "Hex High Entropy String",
        "filename": "backend/migrations/versions/d3a71f5c9e28_adopt_orphaned_legacy_rows.py",
        "hashed_secret": "c68ec75f8ca4ccfd03c64559de35c9dce8382479",
        "is_verified": false,
        "line_number": 162
      }
    ],
    "backend/migrations/versions/d4b1f7c8e206_auth_email_deliveries.py": [
      {
        "type": "Hex High Entropy String",
        "filename": "backend/migrations/versions/d4b1f7c8e206_auth_email_deliveries.py",
        "hashed_secret": "c68ec75f8ca4ccfd03c64559de35c9dce8382479",
        "is_verified": false,
        "line_number": 74
      },
      {
        "type": "Hex High Entropy String",
        "filename": "backend/migrations/versions/d4b1f7c8e206_auth_email_deliveries.py",
        "hashed_secret": "96630250a9c945f377ebf49ad4e7a6f31b760bad",
        "is_verified": false,
        "line_number": 75
      }
    ],
    "backend/migrations/versions/d7c41f9b2e58_paper_decision_traces.py": [
      {
        "type": "Hex High Entropy String",
        "filename": "backend/migrations/versions/d7c41f9b2e58_paper_decision_traces.py",
        "hashed_secret": "0cd1fd46047da4aa360734025b5eb6731b4d9a6b",
        "is_verified": false,
        "line_number": 38
      },
      {
        "type": "Hex High Entropy String",
        "filename": "backend/migrations/versions/d7c41f9b2e58_paper_decision_traces.py",
        "hashed_secret": "327653afafa74f6828d1a073bd44e124dd981edf",
        "is_verified": false,
        "line_number": 39
      }
    ],
    "backend/migrations/versions/e2b7f4c81d93_add_generation_costs.py": [
      {
        "type": "Hex High Entropy String",
        "filename": "backend/migrations/versions/e2b7f4c81d93_add_generation_costs.py",
        "hashed_secret": "5342e2549bf2352607f8333b671f222e0560599d",
        "is_verified": false,
        "line_number": 53
      },
      {
        "type": "Hex High Entropy String",
        "filename": "backend/migrations/versions/e2b7f4c81d93_add_generation_costs.py",
        "hashed_secret": "26cc9e9e85578499521c211a664c80ec9efc5910",
        "is_verified": false,
        "line_number": 54
      }
    ],
    "backend/migrations/versions/e41c7a9b2d63_add_paper_marks.py": [
      {
        "type": "Hex High Entropy String",
        "filename": "backend/migrations/versions/e41c7a9b2d63_add_paper_marks.py",
        "hashed_secret": "327653afafa74f6828d1a073bd44e124dd981edf",
        "is_verified": false,
        "line_number": 41
      },
      {
        "type": "Hex High Entropy String",
        "filename": "backend/migrations/versions/e41c7a9b2d63_add_paper_marks.py",
        "hashed_secret": "11bc2e5055c74a4827917c36e190c27cf2050ec8",
        "is_verified": false,
        "line_number": 42
      }
    ],
    "backend/migrations/versions/e6b2a19c4d70_auth_users_email_bounce.py": [
      {
        "type": "Hex High Entropy String",
        "filename": "backend/migrations/versions/e6b2a19c4d70_auth_users_email_bounce.py",
        "hashed_secret": "e522b27aecee2cbf2c0e639117c447f40a5340d0",
        "is_verified": false,
        "line_number": 70
      },
      {
        "type": "Hex High Entropy String",
        "filename": "backend/migrations/versions/e6b2a19c4d70_auth_users_email_bounce.py",
        "hashed_secret": "60bfd7ac4999250bc613a6183f02947be5934744",
        "is_verified": false,
        "line_number": 71
      }
    ],
    "backend/migrations/versions/f0ab58339d55_dedupe_backtest_results_canonical_hash.py": [
      {
        "type": "Hex High Entropy String",
        "filename": "backend/migrations/versions/f0ab58339d55_dedupe_backtest_results_canonical_hash.py",
        "hashed_secret": "c11f596778ee56150d1de51042c19369661f61d4",
        "is_verified": false,
        "line_number": 85
      },
      {
        "type": "Hex High Entropy String",
        "filename": "backend/migrations/versions/f0ab58339d55_dedupe_backtest_results_canonical_hash.py",
        "hashed_secret": "5342e2549bf2352607f8333b671f222e0560599d",
        "is_verified": false,
        "line_number": 86
      }
    ],
    "backend/migrations/versions/fb8d0bae8112_schema_relations_phase1.py": [
      {
        "type": "Hex High Entropy String",
        "filename": "backend/migrations/versions/fb8d0bae8112_schema_relations_phase1.py",
        "hashed_secret": "dc16b4c687b0c4801ed0994f2eedba1d48804103",
        "is_verified": false,
        "line_number": 136
      }
    ],
    "backend/tests/api/test_traces_ownership_gate.py": [
      {
        "type": "Secret Keyword",
        "filename": "backend/tests/api/test_traces_ownership_gate.py",
        "hashed_secret": "e44bbaffa379e803888466735226e7d962f2e57d",
        "is_verified": false,
        "line_number": 45
      }
    ],
    "backend/tests/fixtures/brief_screen/red.jsonl": [
      {
        "type": "AWS Access Key",
        "filename": "backend/tests/fixtures/brief_screen/red.jsonl",
        "hashed_secret": "25910f981e85ca04baf359199dd0bd4a3ae738b6",
        "is_verified": false,
        "line_number": 74
      },
      {
        "type": "GitHub Token",
        "filename": "backend/tests/fixtures/brief_screen/red.jsonl",
        "hashed_secret": "e175c6f5f2a92e8623bd9a4820edb4e8c1b0fd10",
        "is_verified": false,
        "line_number": 75
      },
      {
        "type": "Private Key",
        "filename": "backend/tests/fixtures/brief_screen/red.jsonl",
        "hashed_secret": "be4fc4886bd949b369d5e092eb87494f12e57e5b",
        "is_verified": false,
        "line_number": 78
      }
    ],
    "backend/tests/fixtures/prompt_goldens.json": [
      {
        "type": "Hex High Entropy String",
        "filename": "backend/tests/fixtures/prompt_goldens.json",
        "hashed_secret": "682e01fd97155b847c0600898f3ec81b0ed1d9ae",
        "is_verified": false,
        "line_number": 5
      }
    ],
    "backend/tests/scripts/test_agent_journey_auth.py": [
      {
        "type": "Secret Keyword",
        "filename": "backend/tests/scripts/test_agent_journey_auth.py",
        "hashed_secret": "abf7aad6438836dbe526aa231abde2d0eef74d42",
        "is_verified": false,
        "line_number": 79
      }
    ],
    "backend/tests/services/test_brief_screen.py": [
      {
        "type": "Base64 High Entropy String",
        "filename": "backend/tests/services/test_brief_screen.py",
        "hashed_secret": "03e06cde759d5024005c6ae521b86b059530b26f",
        "is_verified": false,
        "line_number": 480
      }
    ],
    "backend/tests/services/test_llm_trace_recorder.py": [
      {
        "type": "Secret Keyword",
        "filename": "backend/tests/services/test_llm_trace_recorder.py",
        "hashed_secret": "e9b4dce312643ee0e1bd0561a50d9d5a7e5a2be1",
        "is_verified": false,
        "line_number": 172
      }
    ],
    "backend/tests/services/test_paper_trace.py": [
      {
        "type": "Hex High Entropy String",
        "filename": "backend/tests/services/test_paper_trace.py",
        "hashed_secret": "6dac756c479babb2b91aa6229661079a8775dc7c",
        "is_verified": false,
        "line_number": 39
      }
    ],
    "backend/tests/test_account_deletion_cascade.py": [
      {
        "type": "Hex High Entropy String",
        "filename": "backend/tests/test_account_deletion_cascade.py",
        "hashed_secret": "11bc2e5055c74a4827917c36e190c27cf2050ec8",
        "is_verified": false,
        "line_number": 302
      }
    ],
    "backend/tests/test_alembic_migrations.py": [
      {
        "type": "Hex High Entropy String",
        "filename": "backend/tests/test_alembic_migrations.py",
        "hashed_secret": "e33b52514dbe9debc1978edbba7d581bfd3f7285",
        "is_verified": false,
        "line_number": 172
      },
      {
        "type": "Hex High Entropy String",
        "filename": "backend/tests/test_alembic_migrations.py",
        "hashed_secret": "c11f596778ee56150d1de51042c19369661f61d4",
        "is_verified": false,
        "line_number": 391
      },
      {
        "type": "Hex High Entropy String",
        "filename": "backend/tests/test_alembic_migrations.py",
        "hashed_secret": "dc16b4c687b0c4801ed0994f2eedba1d48804103",
        "is_verified": false,
        "line_number": 649
      },
      {
        "type": "Hex High Entropy String",
        "filename": "backend/tests/test_alembic_migrations.py",
        "hashed_secret": "d4e3a69912d3f39164b313898ae7f2a4627c0462",
        "is_verified": false,
        "line_number": 650
      },
      {
        "type": "Basic Auth Credentials",
        "filename": "backend/tests/test_alembic_migrations.py",
        "hashed_secret": "9d4e1e23bd5b727046a9e3b4b7db57bd8d6ee684",
        "is_verified": false,
        "line_number": 1043
      },
      {
        "type": "Hex High Entropy String",
        "filename": "backend/tests/test_alembic_migrations.py",
        "hashed_secret": "96630250a9c945f377ebf49ad4e7a6f31b760bad",
        "is_verified": false,
        "line_number": 1861
      },
      {
        "type": "Hex High Entropy String",
        "filename": "backend/tests/test_alembic_migrations.py",
        "hashed_secret": "988f1b41e70b80ad0fb5ee45fe27a45cace2a38a",
        "is_verified": false,
        "line_number": 1908
      },
      {
        "type": "Basic Auth Credentials",
        "filename": "backend/tests/test_alembic_migrations.py",
        "hashed_secret": "d1ffda5dc9903c9a42d66636aea9405e311c6f85",
        "is_verified": false,
        "line_number": 2441
      },
      {
        "type": "Hex High Entropy String",
        "filename": "backend/tests/test_alembic_migrations.py",
        "hashed_secret": "ac6515448be0880d30fdd2fdbb20c25b97c305f7",
        "is_verified": false,
        "line_number": 2508
      }
    ],
    "backend/tests/test_api_key_auth.py": [
      {
        "type": "JSON Web Token",
        "filename": "backend/tests/test_api_key_auth.py",
        "hashed_secret": "39aa40049a66abc19cb7861a583ff63e811651ab",
        "is_verified": false,
        "line_number": 347
      }
    ],
    "backend/tests/test_auth_guard.py": [
      {
        "type": "Hex High Entropy String",
        "filename": "backend/tests/test_auth_guard.py",
        "hashed_secret": "b82fc37e3681f20491e1bd2240193b9d7e8422fd",
        "is_verified": false,
        "line_number": 21
      }
    ],
    "backend/tests/test_auth_siwe.py": [
      {
        "type": "Hex High Entropy String",
        "filename": "backend/tests/test_auth_siwe.py",
        "hashed_secret": "158b484ae1f6f64f89da22397d25fbdafad02252",
        "is_verified": false,
        "line_number": 40
      },
      {
        "type": "Hex High Entropy String",
        "filename": "backend/tests/test_auth_siwe.py",
        "hashed_secret": "53759fa1a4bdf62a5e5985e64d7c0b32d104bb3a",
        "is_verified": false,
        "line_number": 44
      }
    ],
    "backend/tests/test_backtest_mapper.py": [
      {
        "type": "Hex High Entropy String",
        "filename": "backend/tests/test_backtest_mapper.py",
        "hashed_secret": "757a7a6da75bad6446cb728f1b400fb8cc26bd9c",
        "is_verified": false,
        "line_number": 210
      }
    ],
    "backend/tests/test_brief_on_passport.py": [
      {
        "type": "Secret Keyword",
        "filename": "backend/tests/test_brief_on_passport.py",
        "hashed_secret": "1b2b917cb3053b166c11d0d3480ea8b0fde57a83",
        "is_verified": false,
        "line_number": 273
      },
      {
        "type": "Secret Keyword",
        "filename": "backend/tests/test_brief_on_passport.py",
        "hashed_secret": "f4cfd6176d447156781a796ea32047ec110c03c3",
        "is_verified": false,
        "line_number": 343
      }
    ],
    "backend/tests/test_brief_screen_wiring.py": [
      {
        "type": "Hex High Entropy String",
        "filename": "backend/tests/test_brief_screen_wiring.py",
        "hashed_secret": "e4f91dd323bac5bfc4f60a6e433787671dc2421d",
        "is_verified": false,
        "line_number": 405
      }
    ],
    "backend/tests/test_cloudwatch_alarms.py": [
      {
        "type": "Hex High Entropy String",
        "filename": "backend/tests/test_cloudwatch_alarms.py",
        "hashed_secret": "e4f91dd323bac5bfc4f60a6e433787671dc2421d",
        "is_verified": false,
        "line_number": 415
      }
    ],
    "backend/tests/test_db.py": [
      {
        "type": "Basic Auth Credentials",
        "filename": "backend/tests/test_db.py",
        "hashed_secret": "9d4e1e23bd5b727046a9e3b4b7db57bd8d6ee684",
        "is_verified": false,
        "line_number": 63
      }
    ],
    "backend/tests/test_db_boot_patches.py": [
      {
        "type": "Basic Auth Credentials",
        "filename": "backend/tests/test_db_boot_patches.py",
        "hashed_secret": "1a91d62f7ca67399625a4368a6ab5d4a3baa6073",
        "is_verified": false,
        "line_number": 142
      }
    ],
    "backend/tests/test_ecs_backend_secrets.py": [
      {
        "type": "Secret Keyword",
        "filename": "backend/tests/test_ecs_backend_secrets.py",
        "hashed_secret": "607326a998f467f05808952a96ae14a84c7fd873",
        "is_verified": false,
        "line_number": 89
      }
    ],
    "backend/tests/test_local_mode_contract.py": [
      {
        "type": "Basic Auth Credentials",
        "filename": "backend/tests/test_local_mode_contract.py",
        "hashed_secret": "1a91d62f7ca67399625a4368a6ab5d4a3baa6073",
        "is_verified": false,
        "line_number": 81
      }
    ],
    "backend/tests/test_local_setup_contract.py": [
      {
        "type": "Secret Keyword",
        "filename": "backend/tests/test_local_setup_contract.py",
        "hashed_secret": "c22ef4cc2cba5bb02e7220151424c04a9177ec50",
        "is_verified": false,
        "line_number": 14
      }
    ],
    "backend/tests/test_main_ssm_prod_gate.py": [
      {
        "type": "Secret Keyword",
        "filename": "backend/tests/test_main_ssm_prod_gate.py",
        "hashed_secret": "77f83d1a35ae530fff48d5a0f2a13407b9a9761a",
        "is_verified": false,
        "line_number": 155
      }
    ],
    "backend/tests/test_orphan_row_adoption.py": [
      {
        "type": "Hex High Entropy String",
        "filename": "backend/tests/test_orphan_row_adoption.py",
        "hashed_secret": "60bfd7ac4999250bc613a6183f02947be5934744",
        "is_verified": false,
        "line_number": 44
      }
    ],
    "backend/tests/test_paper_rag.py": [
      {
        "type": "Hex High Entropy String",
        "filename": "backend/tests/test_paper_rag.py",
        "hashed_secret": "00d9f4e0808dbd6a8c3d74873c6f71efe1e68d89",
        "is_verified": false,
        "line_number": 552
      }
    ],
    "backend/tests/test_paper_trace_pipeline.py": [
      {
        "type": "Secret Keyword",
        "filename": "backend/tests/test_paper_trace_pipeline.py",
        "hashed_secret": "068ba84574e7f4911f9a0240e44f16c5bb347a7f",
        "is_verified": false,
        "line_number": 58
      }
    ],
    "backend/tests/test_post_rollout_probe.py": [
      {
        "type": "Hex High Entropy String",
        "filename": "backend/tests/test_post_rollout_probe.py",
        "hashed_secret": "82d2619f01496cfb7b40f3a423d870de52820880",
        "is_verified": false,
        "line_number": 49
      },
      {
        "type": "Hex High Entropy String",
        "filename": "backend/tests/test_post_rollout_probe.py",
        "hashed_secret": "c280292f629a5519564b114d31f115af226a63bc",
        "is_verified": false,
        "line_number": 50
      }
    ],
    "backend/tests/test_prompt_registry_goldens.py": [
      {
        "type": "Hex High Entropy String",
        "filename": "backend/tests/test_prompt_registry_goldens.py",
        "hashed_secret": "682e01fd97155b847c0600898f3ec81b0ed1d9ae",
        "is_verified": false,
        "line_number": 48
      }
    ],
    "backend/tests/test_telemetry_classifier.py": [
      {
        "type": "Secret Keyword",
        "filename": "backend/tests/test_telemetry_classifier.py",
        "hashed_secret": "035bf17d591b5967aafe1700f7e7d0bf0f7d6bf3",
        "is_verified": false,
        "line_number": 67
      }
    ],
    "cli/src/archimedes_cli/cli.py": [
      {
        "type": "Secret Keyword",
        "filename": "cli/src/archimedes_cli/cli.py",
        "hashed_secret": "20be7a8f89e246cf9f41ffa1ad2099297e7c44a6",
        "is_verified": false,
        "line_number": 958
      }
    ],
    "cli/tests/test_generate.py": [
      {
        "type": "Secret Keyword",
        "filename": "cli/tests/test_generate.py",
        "hashed_secret": "ba4cff4a186c80e28f392f9e8b6bbf3d5da90b27",
        "is_verified": false,
        "line_number": 43
      }
    ],
    "docs/agent-api.md": [
      {
        "type": "Hex High Entropy String",
        "filename": "docs/agent-api.md",
        "hashed_secret": "7766a6fdab3213ed327a353d9a49a5c8acbfb55a",
        "is_verified": false,
        "line_number": 296
      }
    ],
    "docs/agent-quickstart.md": [
      {
        "type": "Secret Keyword",
        "filename": "docs/agent-quickstart.md",
        "hashed_secret": "abf7aad6438836dbe526aa231abde2d0eef74d42",
        "is_verified": false,
        "line_number": 199
      },
      {
        "type": "Hex High Entropy String",
        "filename": "docs/agent-quickstart.md",
        "hashed_secret": "7766a6fdab3213ed327a353d9a49a5c8acbfb55a",
        "is_verified": false,
        "line_number": 259
      },
      {
        "type": "Secret Keyword",
        "filename": "docs/agent-quickstart.md",
        "hashed_secret": "63172083f352e8803e6c32a61c0f0544fa885f49",
        "is_verified": false,
        "line_number": 801
      }
    ],
    "docs/api/auth-and-accounts.md": [
      {
        "type": "Secret Keyword",
        "filename": "docs/api/auth-and-accounts.md",
        "hashed_secret": "abf7aad6438836dbe526aa231abde2d0eef74d42",
        "is_verified": false,
        "line_number": 64
      }
    ],
    "docs/audits/2026-06-13-Onder-findings.md": [
      {
        "type": "Basic Auth Credentials",
        "filename": "docs/audits/2026-06-13-Onder-findings.md",
        "hashed_secret": "43864f13206fc15832900b876e24a14b227e778a",
        "is_verified": false,
        "line_number": 158
      }
    ],
    "docs/plans/2026-08-30-paper-trading-reasoning-traces.md": [
      {
        "type": "Hex High Entropy String",
        "filename": "docs/plans/2026-08-30-paper-trading-reasoning-traces.md",
        "hashed_secret": "11bc2e5055c74a4827917c36e190c27cf2050ec8",
        "is_verified": false,
        "line_number": 624
      }
    ],
    "infra/dns_email.tf": [
      {
        "type": "Base64 High Entropy String",
        "filename": "infra/dns_email.tf",
        "hashed_secret": "dc0193b289ac4e4a2520b66068215caed2d3edf4",
        "is_verified": false,
        "line_number": 8
      }
    ],
    "infra/variables.tf": [
      {
        "type": "Base64 High Entropy String",
        "filename": "infra/variables.tf",
        "hashed_secret": "dc0193b289ac4e4a2520b66068215caed2d3edf4",
        "is_verified": false,
        "line_number": 250
      }
    ],
    "mcp-server/README.md": [
      {
        "type": "Secret Keyword",
        "filename": "mcp-server/README.md",
        "hashed_secret": "63172083f352e8803e6c32a61c0f0544fa885f49",
        "is_verified": false,
        "line_number": 38
      }
    ],
    "mcp-server/src/archimedes_mcp/credentials.py": [
      {
        "type": "Secret Keyword",
        "filename": "mcp-server/src/archimedes_mcp/credentials.py",
        "hashed_secret": "20be7a8f89e246cf9f41ffa1ad2099297e7c44a6",
        "is_verified": false,
        "line_number": 45
      },
      {
        "type": "Secret Keyword",
        "filename": "mcp-server/src/archimedes_mcp/credentials.py",
        "hashed_secret": "665b1e3851eefefa3fb878654292f16597d25155",
        "is_verified": false,
        "line_number": 49
      }
    ],
    "mcp-server/tests/conftest.py": [
      {
        "type": "Base64 High Entropy String",
        "filename": "mcp-server/tests/conftest.py",
        "hashed_secret": "1769eb0f3fa73aff016848de908fc884da4f5a5b",
        "is_verified": false,
        "line_number": 68
      }
    ],
    "nginx/nginx.conf": [
      {
        "type": "Base64 High Entropy String",
        "filename": "nginx/nginx.conf",
        "hashed_secret": "3bcf96bcc8db77a0cc7175beb784d5644b623d9f",
        "is_verified": false,
        "line_number": 72
      }
    ],
    "openwiki/.last-update.json": [
      {
        "type": "Hex High Entropy String",
        "filename": "openwiki/.last-update.json",
        "hashed_secret": "abcb73a619fe06359cd489e9ad6b1c588278d7e9",
        "is_verified": false,
        "line_number": 4
      }
    ],
    "scripts/agent_journey.py": [
      {
        "type": "Secret Keyword",
        "filename": "scripts/agent_journey.py",
        "hashed_secret": "8f919cf82222dc838c945e3582376c77b213f56a",
        "is_verified": false,
        "line_number": 37
      }
    ],
    "tests/flows/conftest.py": [
      {
        "type": "Hex High Entropy String",
        "filename": "tests/flows/conftest.py",
        "hashed_secret": "c0174d8dfe9687a8f29297449712d6ba12ed2bc3",
        "is_verified": false,
        "line_number": 395
      }
    ],
    "ui/src/App.jsx": [
      {
        "type": "Secret Keyword",
        "filename": "ui/src/App.jsx",
        "hashed_secret": "94c2ba85ca8f05ae548bf46fe50dc9d19bbc280c",
        "is_verified": false,
        "line_number": 208
      }
    ],
    "ui/src/components/AccountSettings.jsx": [
      {
        "type": "Secret Keyword",
        "filename": "ui/src/components/AccountSettings.jsx",
        "hashed_secret": "8de9acb01b8108498ea5d16d40768041bac93343",
        "is_verified": false,
        "line_number": 65
      }
    ],
    "ui/src/routes.js": [
      {
        "type": "Secret Keyword",
        "filename": "ui/src/routes.js",
        "hashed_secret": "d1a207b38c8b705457e740a084bcf96d959ea01e",
        "is_verified": false,
        "line_number": 12
      }
    ],
    "ui/test/account-management.test.js": [
      {
        "type": "Secret Keyword",
        "filename": "ui/test/account-management.test.js",
        "hashed_secret": "1047b072a14ec17db574900a0b1b940ea191042b",
        "is_verified": false,
        "line_number": 67
      },
      {
        "type": "Secret Keyword",
        "filename": "ui/test/account-management.test.js",
        "hashed_secret": "3348d17dbacbe8bc40be22357711fbfc26888c05",
        "is_verified": false,
        "line_number": 68
      },
      {
        "type": "Secret Keyword",
        "filename": "ui/test/account-management.test.js",
        "hashed_secret": "a2f8f7fa195a080a22a689041daa8f2044f9f336",
        "is_verified": false,
        "line_number": 162
      }
    ],
    "ui/test/auth-client.test.js": [
      {
        "type": "Secret Keyword",
        "filename": "ui/test/auth-client.test.js",
        "hashed_secret": "3348d17dbacbe8bc40be22357711fbfc26888c05",
        "is_verified": false,
        "line_number": 56
      }
    ],
    "ui/test/generation-cost.test.js": [
      {
        "type": "Hex High Entropy String",
        "filename": "ui/test/generation-cost.test.js",
        "hashed_secret": "557c86f7b74e73efd4f8b328d85e12b8298f564b",
        "is_verified": false,
        "line_number": 69
      }
    ],
    "ui/test/generation-reasoning.test.js": [
      {
        "type": "Hex High Entropy String",
        "filename": "ui/test/generation-reasoning.test.js",
        "hashed_secret": "f2926473fc44b4bfa7da3928fe7626f47d04f1b4",
        "is_verified": false,
        "line_number": 197
      },
      {
        "type": "Hex High Entropy String",
        "filename": "ui/test/generation-reasoning.test.js",
        "hashed_secret": "63da3245ac62e537fceddb11438a5034e2042054",
        "is_verified": false,
        "line_number": 221
      }
    ],
    "ui/test/security-claims.test.js": [
      {
        "type": "Base64 High Entropy String",
        "filename": "ui/test/security-claims.test.js",
        "hashed_secret": "3bcf96bcc8db77a0cc7175beb784d5644b623d9f",
        "is_verified": false,
        "line_number": 246
      }
    ]
  },
  "generated_at": "2026-09-29T23:24:15Z"
}
